Installing build\app\outputs\flutter-apk\app-debug.apk...           8,0s
I/flutter (13013): [IMPORTANT:flutter/shell/platform/android/android_context_vk_impeller.cc(61)] Using the Impeller rendering backend (Vulkan).
Syncing files to device M2012K11G...                               122ms

Flutter run key commands.
r Hot reload.
R Hot restart.
h List all available interactive commands.
d Detach (terminate "flutter run" but leave application running).
c Clear the screen
q Quit (terminate the application on the device).

A Dart VM Service on M2012K11G is available at: http://127.0.0.1:65478/uQfzaCE6hUQ=/
The Flutter DevTools debugger and profiler on M2012K11G is available at:
http://127.0.0.1:9106?uri=http://127.0.0.1:65478/uQfzaCE6hUQ=/
I/Choreographer(13013): Skipped 117 frames!  The application may be doing too much work on its main thread.
W/Looper  (13013): PerfMonitor doFrame : time=20ms vsyncFrame=3741200 latency=973ms procState=-1 historyMsgCount=6
I/Choreographer(13013): Skipped 33 frames!  The application may be doing too much work on its main thread.
D/ProfileInstaller(13013): Installing profile for com.example.the_good_alarm
I/flutter (23455): Received notification: {id: 1752186665225, packageName: com.miui.cleaner, appName: Limpiador, title: null, text: null, time: 1752186665225}
I/flutter (23455): Notificación filtrada, no se guarda en Firebase: com.miui.cleaner
I/ForceDarkHelperStubImpl(13013): setViewRootImplForceDark: false for com.example.the_good_alarm.MainActivity@3542d7f, reason: AppDarkModeEnable
D/CompatibilityChangeReporter(13013): Compat change id reported: 78294732; UID 10580; state: ENABLED
D/AppScoutStateMachine(13013): 13013-ScoutStateMachinecreated
D/MainActivity(13013): Overlay permission granted
W/libc    (13013): Access denied finding property "vendor.display.enable_optimal_refresh_rate"
E/OpenGLRenderer(13013): Unable to match the desired swap behavior.
W/libc    (13013): Access denied finding property "vendor.display.enable_optimal_refresh_rate"        
E/qdgralloc(13013): GetGpuPixelFormat: No map for format: 0x38
E/AdrenoUtils(13013): <validate_memory_layout_input_parmas:1970>: Unknown Format 0
E/AdrenoUtils(13013): <adreno_init_memory_layout:4720>: Memory Layout input parameter validation failed!
E/qdgralloc(13013): GetGpuResourceSizeAndDimensions Graphics metadata init failed
E/Gralloc4(13013): isSupported(1, 1, 56, 1, ...) failed with 1
E/GraphicBufferAllocator(13013): Failed to allocate (4 x 4) layerCount 1 format 56 usage b00: 1       
E/AHardwareBuffer(13013): GraphicBuffer(w=4, h=4, lc=1) failed (Unknown error -1), handle=0x0
E/qdgralloc(13013): GetGpuPixelFormat: No map for format: 0x3b
E/AdrenoUtils(13013): <validate_memory_layout_input_parmas:1970>: Unknown Format 0
E/AdrenoUtils(13013): <adreno_init_memory_layout:4720>: Memory Layout input parameter validation failed!
E/qdgralloc(13013): GetGpuResourceSizeAndDimensions Graphics metadata init failed
E/Gralloc4(13013): isSupported(1, 1, 59, 1, ...) failed with 1
E/GraphicBufferAllocator(13013): Failed to allocate (4 x 4) layerCount 1 format 59 usage b00: 1       
E/AHardwareBuffer(13013): GraphicBuffer(w=4, h=4, lc=1) failed (Unknown error -1), handle=0x0
E/qdgralloc(13013): GetGpuPixelFormat: No map for format: 0x38
E/AdrenoUtils(13013): <validate_memory_layout_input_parmas:1970>: Unknown Format 0
E/AdrenoUtils(13013): <adreno_init_memory_layout:4720>: Memory Layout input parameter validation failed!
E/qdgralloc(13013): GetGpuResourceSizeAndDimensions Graphics metadata init failed
E/Gralloc4(13013): isSupported(1, 1, 56, 1, ...) failed with 1
E/GraphicBufferAllocator(13013): Failed to allocate (4 x 4) layerCount 1 format 56 usage b00: 1       
E/AHardwareBuffer(13013): GraphicBuffer(w=4, h=4, lc=1) failed (Unknown error -1), handle=0x0
E/qdgralloc(13013): GetGpuPixelFormat: No map for format: 0x3b
E/AdrenoUtils(13013): <validate_memory_layout_input_parmas:1970>: Unknown Format 0
E/AdrenoUtils(13013): <adreno_init_memory_layout:4720>: Memory Layout input parameter validation failed!
E/qdgralloc(13013): GetGpuResourceSizeAndDimensions Graphics metadata init failed
E/Gralloc4(13013): isSupported(1, 1, 59, 1, ...) failed with 1
E/GraphicBufferAllocator(13013): Failed to allocate (4 x 4) layerCount 1 format 59 usage b00: 1       
E/AHardwareBuffer(13013): GraphicBuffer(w=4, h=4, lc=1) failed (Unknown error -1), handle=0x0
D/VRI[MainActivity](13013): vri.reportNextDraw android.view.ViewRootImpl.performTraversals:4360 android.view.ViewRootImpl.doTraversal:2989 android.view.ViewRootImpl$TraversalRunnable.run:10304 android.view.Choreographer$CallbackRecord.run:1594 android.view.Choreographer$CallbackRecord.run:1603
D/SurfaceView(13013): UPDATE Surface(name=SurfaceView[com.example.the_good_alarm/com.example.the_good_alarm.MainActivity]#19716)/@0x8bf5722, mIsProjectionMode = false
E/LB      (13013): fail to open node: No such file or directory
D/VRI[MainActivity](13013): vri.Setup new sync=wmsSync-VRI[MainActivity]#3
D/OpenGLRenderer(13013): makeCurrent grContext:0xb4000078776231a0 reset mTextureAvailable
D/.the_good_alarm(13013): MiuiProcessManagerServiceStub setSchedFifo
I/MiuiProcessManagerImpl(13013): setSchedFifo pid:13013, mode:3
D/VRI[MainActivity](13013): vri.reportDrawFinished
I/HandWritingStubImpl(13013): refreshLastKeyboardType: 1
I/HandWritingStubImpl(13013): getCurrentKeyboardType: 1
I/HandWritingStubImpl(13013): getCurrentKeyboardType: 1
I/ImeTracker(13013): com.example.the_good_alarm:51b50198: onRequestShow at ORIGIN_CLIENT_SHOW_SOFT_INPUT reason SHOW_SOFT_INPUT
I/HandWritingStubImpl(13013): refreshLastKeyboardType: 1
I/HandWritingStubImpl(13013): getCurrentKeyboardType: 1
D/InputMethodManager(13013): showSoftInput() view=io.flutter.embedding.android.FlutterView{59681dc VFED..... .F....ID 0,0-1080,2400 #1 aid=1073741824} flags=0 reason=SHOW_SOFT_INPUT
D/InsetsController(13013): show(ime(), fromIme=true)
I/ImeTracker(13013): com.example.the_good_alarm:51b50198: onShown
I/ImeTracker(13013): com.example.the_good_alarm:6de7d627: onRequestHide at ORIGIN_CLIENT_HIDE_SOFT_INPUT reason HIDE_SOFT_INPUT
W/WindowOnBackDispatcher(13013): sendCancelIfRunning: isInProgress=falsecallback=ImeCallback=ImeOnBackInvokedCallback@221194043 Callback=android.window.IOnBackInvokedCallback$Stub$Proxy@9c013e1
I/ImeTracker(13013): com.example.the_good_alarm:e53e2ba: onRequestHide at ORIGIN_CLIENT_HIDE_SOFT_INPUT reason HIDE_SOFT_INPUT_BY_INSETS_API
I/ImeTracker(13013): com.example.the_good_alarm:6de7d627: onHidden
I/MiInputConsumer(13013): optimized resample latency: 9623977 ns
D/MainActivity(13013): MethodChannel call: setAlarm
D/MainActivity(13013): Calculating alarm time - Current: Thu Jul 10 18:31:41 GMT-04:00 2025, Target hour: 18:32
D/MainActivity(13013): One-time alarm: scheduling for today
D/MainActivity(13013): Final calculated time: Thu Jul 10 18:32:00 GMT-04:00 2025
D/CompatibilityChangeReporter(13013): Compat change id reported: 160794467; UID 10580; state: ENABLED 
D/MainActivity(13013): Alarm set for: Thu Jul 10 18:32:00 GMT-04:00 2025
D/MainActivity(13013): Alarm set for: Thu Jul 10 18:32:00 GMT-04:00 2025
W/WindowOnBackDispatcher(13013): sendCancelIfRunning: isInProgress=falsecallback=io.flutter.embedding.android.FlutterActivity$1@276f6e8
I/HandWritingStubImpl(13013): refreshLastKeyboardType: 1
I/HandWritingStubImpl(13013): getCurrentKeyboardType: 1
W/RemoteInputConnectionImpl(13013): getTextAfterCursor on inactive InputConnection
W/RemoteInputConnectionImpl(13013): getTextAfterCursor on inactive InputConnection
I/Choreographer(13013): Skipped 37 frames!  The application may be doing too much work on its main thread.
W/Looper  (13013): PerfMonitor doFrame : time=18ms vsyncFrame=3743791 latency=311ms procState=-1 historyMsgCount=3 (msgIndex=1 wall=323ms seq=409 late=83ms h=android.app.ActivityThread$H w=159)
D/AlarmReceiver(13013): onReceive called with action: com.example.the_good_alarm.ALARM_TRIGGERED
D/AlarmReceiver(13013): Default alarm trigger action
D/AlarmReceiver(13013): handleAlarmTrigger called
D/AlarmReceiver(13013): Alarm details - ID: 1228, Title: Alarma, Message: ¡Es hora de despertar!      
D/AlarmReceiver(13013): Snooze settings - Max: 3, Duration: 5 minutes
D/AlarmReceiver(13013): Volume settings - Max: 50%, RampUp: 10s, TempReduction: 10% for 15s
D/AlarmReceiver(13013): WakeLock acquired
D/AlarmReceiver(13013): Starting volume control: maxVolume=50%, rampUp=10s
D/AlarmReceiver(13013): Original volume saved: 1
D/AlarmReceiver(13013): Volume control started: target=7/15
D/AlarmReceiver(13013): Volume ramp configuration: duration=10s, steps=7, stepDuration=1666ms
D/AlarmReceiver(13013): Setting up alarm sound with volume control
D/AlarmReceiver(13013): Alarm URI: content://settings/system/alarm_alert
D/MediaPlayer(13013): getCacheForType() cacheUri=content://0@settings/system/alarm_alert_cache  actualDefaultRingtoneUri = content://media/external_primary/audio/media/1000187070?title=Binks%20no%20Sake%20-%20One%20Piece%20(Marimba%20Ringtone)&canonical=1type = 4
I/flutter (23455): Received notification: {id: 1752186720095, packageName: com.miui.misound, appName: Audífonos, title: null, text: null, time: 1752186720095}
I/flutter (23455): Notificación filtrada, no se guarda en Firebase: com.miui.misound
D/Ringtone(13013): Successfully created local player
V/MediaPlayer(13013): resetDrmState:  mDrmInfo=null mDrmProvisioningThread=null mPrepareDrmInProgress=false mActiveDrmScheme=false
V/MediaPlayer(13013): cleanDrmObj: mDrmObj=null mDrmSessionId=null
V/MediaPlayer(13013): resetDrmState:  mDrmInfo=null mDrmProvisioningThread=null mPrepareDrmInProgress=false mActiveDrmScheme=false
V/MediaPlayer(13013): cleanDrmObj: mDrmObj=null mDrmSessionId=null
D/MediaPlayer(13013): getCacheForType() cacheUri=content://0@settings/system/alarm_alert_cache  actualDefaultRingtoneUri = content://media/external_primary/audio/media/1000187070?title=Binks%20no%20Sake%20-%20One%20Piece%20(Marimba%20Ringtone)&canonical=1type = 4
D/Ringtone(13013): Successfully created local player
D/AlarmReceiver(13013): Starting alarm sound with ALARM stream
D/AlarmReceiver(13013): Alarm sound started
D/AlarmReceiver(13013): Setting up vibration
D/AlarmReceiver(13013): Current ringer mode: 2 (NORMAL=2, VIBRATE=1, SILENT=0)
D/AlarmReceiver(13013): Do Not Disturb filter: 1 (ALL=1, PRIORITY=2, NONE=3, ALARMS=4)
D/AlarmReceiver(13013): Ignoring battery optimizations: true
D/AlarmReceiver(13013): VibratorManager hasVibrator: true
D/AlarmReceiver(13013): Device has vibrator, proceeding with vibration setup
D/AlarmReceiver(13013): Current vibrator obtained: true
D/AlarmReceiver(13013): Vibration pattern: [0, 1000, 500, 1000, 500, 1000, 500]
D/AlarmReceiver(13013): VibrationEffect created, starting vibration...
D/AlarmReceiver(13013): AudioAttributes created: ContentType=4, Usage=4
D/AlarmReceiver(13013): Vibration started with VibrationEffect and AudioAttributes (API 26+)
D/AlarmReceiver(13013): Vibrator state check (API 31+): isCapable=true
D/AlarmReceiver(13013): Vibrator amplitude control: true
D/AlarmReceiver(13013): Vibration setup completed. Current vibrator: true
D/AlarmReceiver(13013): Creating launch intent for MainActivity
D/AlarmReceiver(13013): Launch intent extras: alarmId=1228, maxSnoozes=3, snoozeDuration=5, title=Alarma
D/AlarmReceiver(13013): Creating stop intent for notification action
D/AlarmReceiver(13013): Creating snooze intent for notification action
D/AlarmReceiver(13013): Got NotificationManager service
D/AlarmReceiver(13013): Creating notification channel
D/AlarmReceiver(13013): Notification channel created successfully
D/AlarmReceiver(13013): Building notification
D/AlarmReceiver(13013): Showing notification with ID: 1228
W/EpFrameworkFactory(13013): activated: false jar exist: false
D/AlarmReceiver(13013): Notification shown with ID: 1228
D/AlarmReceiver(13013): Related notification IDs that might be used:
D/AlarmReceiver(13013):   - Main notification ID: 1228
D/AlarmReceiver(13013):   - Launch intent ID: 2228
D/AlarmReceiver(13013):   - Stop intent ID: 3228
D/AlarmReceiver(13013):   - Snooze intent ID: 4228
D/AlarmReceiver(13013): Also starting MainActivity directly as backup
D/AlarmReceiver(13013): Volume step: 1/7 at 0ms
D/AppScoutStateMachine(13013): 13013-ScoutStateMachinecreated
D/MainActivity(13013): onNewIntent called with action: null
D/MainActivity(13013): handleAlarmIntent: action=null, alarmId=1228
D/MainActivity(13013): Checking if should show alarm screen - alarmId: 1228, screenRoute: /alarm, autoShow: true
D/MainActivity(13013): Alarm parameters: maxSnoozes=3, snoozeDuration=5, snoozeCount=0
D/MainActivity(13013): Volume parameters: maxVolume=50%, rampUp=10s, tempReduction=10% for 15s        
D/MainActivity(13013): Intent extras: tempVolumeReductionDurationSeconds, alarmId, maxSnoozes, screenRoute, title, snoozeCount, message, maxVolumePercent, autoShowAlarm, volumeRampUpDurationSeconds, tempVolumeReductionPercent, snoozeDurationMinutes
D/MainActivity(13013): Setting window flags to show over lock screen
D/MainActivity(13013): Window flags set successfully
D/MainActivity(13013): Scheduling delayed call to show alarm screen
I/ForceDarkHelperStubImpl(13013): setViewRootImplForceDark: false for com.example.the_good_alarm.MainActivity@3542d7f, reason: AppDarkModeEnable
W/libc    (13013): Access denied finding property "vendor.display.enable_optimal_refresh_rate"
W/.the_good_alarm(13013): type=1400 audit(0.0:513878): avc:  denied  { read } for  name="u:object_r:vendor_display_prop:s0" dev="tmpfs" ino=13236 scontext=u:r:untrusted_app:s0:c68,c258,c512,c768 tcontext=u:object_r:vendor_display_prop:s0 tclass=file permissive=0 app=com.example.the_good_alarm
E/OpenGLRenderer(13013): Unable to match the desired swap behavior.
W/libc    (13013): Access denied finding property "vendor.display.enable_optimal_refresh_rate"        
E/qdgralloc(13013): GetGpuPixelFormat: No map for format: 0x38
W/.the_good_alarm(13013): type=1400 audit(0.0:513879): avc:  denied  { read } for  name="u:object_r:vendor_display_prop:s0" dev="tmpfs" ino=13236 scontext=u:r:untrusted_app:s0:c68,c258,c512,c768 tcontext=u:object_r:vendor_display_prop:s0 tclass=file permissive=0 app=com.example.the_good_alarm
E/AdrenoUtils(13013): <adreno_init_memory_layout:4720>: Memory Layout input parameter validation failed!
E/qdgralloc(13013): GetGpuResourceSizeAndDimensions Graphics metadata init failed
E/Gralloc4(13013): isSupported(1, 1, 56, 1, ...) failed with 1
E/GraphicBufferAllocator(13013): Failed to allocate (4 x 4) layerCount 1 format 56 usage b00: 1       
E/AHardwareBuffer(13013): GraphicBuffer(w=4, h=4, lc=1) failed (Unknown error -1), handle=0x0
E/qdgralloc(13013): GetGpuPixelFormat: No map for format: 0x3b
E/AdrenoUtils(13013): <validate_memory_layout_input_parmas:1970>: Unknown Format 0
E/AdrenoUtils(13013): <adreno_init_memory_layout:4720>: Memory Layout input parameter validation failed!
E/qdgralloc(13013): GetGpuResourceSizeAndDimensions Graphics metadata init failed
E/Gralloc4(13013): isSupported(1, 1, 59, 1, ...) failed with 1
E/GraphicBufferAllocator(13013): Failed to allocate (4 x 4) layerCount 1 format 59 usage b00: 1       
E/AHardwareBuffer(13013): GraphicBuffer(w=4, h=4, lc=1) failed (Unknown error -1), handle=0x0
E/qdgralloc(13013): GetGpuPixelFormat: No map for format: 0x38
E/AdrenoUtils(13013): <validate_memory_layout_input_parmas:1970>: Unknown Format 0
E/AdrenoUtils(13013): <adreno_init_memory_layout:4720>: Memory Layout input parameter validation failed!
E/qdgralloc(13013): GetGpuResourceSizeAndDimensions Graphics metadata init failed
E/Gralloc4(13013): isSupported(1, 1, 56, 1, ...) failed with 1
E/GraphicBufferAllocator(13013): Failed to allocate (4 x 4) layerCount 1 format 56 usage b00: 1       
E/AHardwareBuffer(13013): GraphicBuffer(w=4, h=4, lc=1) failed (Unknown error -1), handle=0x0
E/qdgralloc(13013): GetGpuPixelFormat: No map for format: 0x3b
E/AdrenoUtils(13013): <validate_memory_layout_input_parmas:1970>: Unknown Format 0
E/AdrenoUtils(13013): <adreno_init_memory_layout:4720>: Memory Layout input parameter validation failed!
E/qdgralloc(13013): GetGpuResourceSizeAndDimensions Graphics metadata init failed
E/Gralloc4(13013): isSupported(1, 1, 59, 1, ...) failed with 1
E/GraphicBufferAllocator(13013): Failed to allocate (4 x 4) layerCount 1 format 59 usage b00: 1       
E/AHardwareBuffer(13013): GraphicBuffer(w=4, h=4, lc=1) failed (Unknown error -1), handle=0x0
D/VRI[MainActivity](13013): vri.reportNextDraw android.view.ViewRootImpl.performTraversals:4360 android.view.ViewRootImpl.doTraversal:2989 android.view.ViewRootImpl$TraversalRunnable.run:10304 android.view.Choreographer$CallbackRecord.run:1594 android.view.Choreographer$CallbackRecord.run:1603
D/SurfaceView(13013): UPDATE Surface(name=SurfaceView[com.example.the_good_alarm/com.example.the_good_alarm.MainActivity]#19734)/@0x3d6b1aa, mIsProjectionMode = false
D/VRI[MainActivity](13013): vri.Setup new sync=wmsSync-VRI[MainActivity]#6
D/VRI[MainActivity](13013): vri.reportDrawFinished
I/flutter (23455): Received notification: {id: 1752186720592, packageName: com.example.the_good_alarm, appName: The Good Alarm, title: Alarma, text: ¡Es hora de despertar!, time: 1752186720592}
I/flutter (23455): Notificación duplicada detectada: 764042613
I/flutter (23455): Notificación duplicada, no se guardará en Firebase
I/flutter (23455): Notificación guardada en Firebase: com.example.the_good_alarm
D/VRI[MainActivity](13013): vri.reportNextDraw android.view.ViewRootImpl.handleResized:2297 android.view.ViewRootImpl.-$$Nest$mhandleResized:0 android.view.ViewRootImpl$ViewRootHandler.handleMessageImpl:6693 android.view.ViewRootImpl$ViewRootHandler.handleMessage:6662 android.os.Handler.dispatchMessage:106
D/VRI[MainActivity](13013): vri.reportNextDraw android.view.ViewRootImpl.handleResized:2297 android.view.ViewRootImpl.-$$Nest$mhandleResized:0 android.view.ViewRootImpl$ViewRootHandler.handleMessageImpl:6693 android.view.ViewRootImpl$ViewRootHandler.handleMessage:6662 android.os.Handler.dispatchMessage:106
I/flutter (23455): Received notification: {id: 1752186720674, packageName: com.miui.misound, appName: Audífonos, title: null, text: null, time: 1752186720674}
I/flutter (23455): Notificación filtrada, no se guarda en Firebase: com.miui.misound
I/HandWritingStubImpl(13013): refreshLastKeyboardType: 1
I/HandWritingStubImpl(13013): getCurrentKeyboardType: 1
D/VRI[MainActivity](13013): vri.Setup new sync=wmsSync-VRI[MainActivity]#8
D/VRI[MainActivity](13013): vri.reportDrawFinished
D/MainActivity(13013): onNewIntent called with action: null
D/MainActivity(13013): handleAlarmIntent: action=null, alarmId=1228
D/MainActivity(13013): Checking if should show alarm screen - alarmId: 1228, screenRoute: /alarm, autoShow: true
D/MainActivity(13013): Alarm parameters: maxSnoozes=3, snoozeDuration=5, snoozeCount=0
D/MainActivity(13013): Volume parameters: maxVolume=50%, rampUp=10s, tempReduction=10% for 15s        
D/MainActivity(13013): Intent extras: tempVolumeReductionDurationSeconds, alarmId, maxSnoozes, screenRoute, title, snoozeCount, message, maxVolumePercent, autoShowAlarm, volumeRampUpDurationSeconds, tempVolumeReductionPercent, snoozeDurationMinutes
D/MainActivity(13013): Setting window flags to show over lock screen
D/MainActivity(13013): Window flags set successfully
D/MainActivity(13013): Scheduling delayed call to show alarm screen
D/MainActivity(13013): Now showing alarm screen via Flutter
D/MainActivity(13013): Passing parameters: alarmId=1228, maxSnoozes=3, snoozeDuration=5, snoozeCount=0
I/flutter (13013): === HANDLE NATIVE CALLS START ===
I/flutter (13013): Method: showAlarmScreen
I/flutter (13013): Arguments: {alarmId: 1228, title: Alarma, message: ¡Es hora de despertar!, maxSnoozes: 3, snoozeDurationMinutes: 5, snoozeCount: 0, maxVolumePercent: 50, volumeRampUpDurationSeconds: 10, tempVolumeReductionPercent: 10, tempVolumeReductionDurationSeconds: 15}
I/flutter (13013): === HANDLE NATIVE CALLS END ===
I/flutter (13013): === ALARM SCREEN INIT DEBUG ===
I/flutter (13013): AlarmId: 1228
I/flutter (13013): MaxSnoozes: 3
I/flutter (13013): SnoozeDurationMinutes: 5
I/flutter (13013): SnoozeCount: 0
I/flutter (13013): Volume Config - Max: 50%, RampUp: 10s
I/flutter (13013): Volume Config - TempReduction: 10%, Duration: 15s
I/flutter (13013): Arguments received: {alarmId: 1228, title: Alarma, message: ¡Es hora de despertar!, snoozeCount: 0, maxSnoozes: 3, snoozeDurationMinutes: 5, requireGame: false, gameConfig: null, maxVolumePercent: 50, volumeRampUpDurationSeconds: 10, tempVolumeReductionPercent: 10, tempVolumeReductionDurationSeconds: 15}
I/flutter (13013): === ALARM SCREEN INIT DEBUG END ===
I/flutter (13013): Can snooze: true (count: 0, max: 3)
D/MainActivity(13013): MethodChannel call: notifyAlarmRinging
D/MainActivity(13013): Alarm ringing notification received
D/MainActivity(13013): VolumeChannel call: startVolumeControl
D/MainActivity(13013): Starting volume control: maxVolume=50%, rampUp=10s
D/MainActivity(13013): Original volume saved: 1
D/MainActivity(13013): Volume control started: target=7/15
I/flutter (13013): Volume control started: 50% max, 10s ramp
W/AidlConversionCppNdk(13013): aidl2legacy_AudioChannelLayout_audio_channel_mask_t: no legacy output audio_channel_mask_t found for AudioChannelLayout{layoutMask: 16}
D/MainActivity(13013): Now showing alarm screen via Flutter
D/MainActivity(13013): Passing parameters: alarmId=1228, maxSnoozes=3, snoozeDuration=5, snoozeCount=0
I/flutter (13013): === HANDLE NATIVE CALLS START ===
I/flutter (13013): Method: showAlarmScreen
I/flutter (13013): Arguments: {alarmId: 1228, title: Alarma, message: ¡Es hora de despertar!, maxSnoozes: 3, snoozeDurationMinutes: 5, snoozeCount: 0, maxVolumePercent: 50, volumeRampUpDurationSeconds: 10, tempVolumeReductionPercent: 10, tempVolumeReductionDurationSeconds: 15}
I/flutter (13013): === HANDLE NATIVE CALLS END ===
I/flutter (13013): === ALARM SCREEN INIT DEBUG ===
I/flutter (13013): AlarmId: 1228
I/flutter (13013): MaxSnoozes: 3
I/flutter (13013): SnoozeDurationMinutes: 5
I/flutter (13013): SnoozeCount: 0
I/flutter (13013): Volume Config - Max: 50%, RampUp: 10s
I/flutter (13013): Volume Config - TempReduction: 10%, Duration: 15s
I/flutter (13013): Arguments received: {alarmId: 1228, title: Alarma, message: ¡Es hora de despertar!, snoozeCount: 0, maxSnoozes: 3, snoozeDurationMinutes: 5, requireGame: false, gameConfig: null, maxVolumePercent: 50, volumeRampUpDurationSeconds: 10, tempVolumeReductionPercent: 10, tempVolumeReductionDurationSeconds: 15}
I/flutter (13013): === ALARM SCREEN INIT DEBUG END ===
I/flutter (13013): Can snooze: true (count: 0, max: 3)
D/MainActivity(13013): MethodChannel call: notifyAlarmRinging
D/MainActivity(13013): Alarm ringing notification received
D/MainActivity(13013): VolumeChannel call: startVolumeControl
D/MainActivity(13013): Starting volume control: maxVolume=50%, rampUp=10s
D/MainActivity(13013): Volume control started: target=7/15
I/flutter (13013): Volume control started: 50% max, 10s ramp
D/AlarmReceiver(13013): Vibration check #1 after 1 seconds...
D/AlarmReceiver(13013): Current vibrator still active: true
D/AlarmReceiver(13013): Vibrator hasVibrator(): true
D/AlarmReceiver(13013): Vibrator hasAmplitudeControl(): true
D/AlarmReceiver(13013): System ringer mode: 2 (NORMAL=2, VIBRATE=1, SILENT=0)
D/AlarmReceiver(13013): System haptic feedback enabled: 1
I/flutter (23455): Received notification: {id: 1752186721382, packageName: com.miui.misound, appName: Audífonos, title: null, text: null, time: 1752186721382}
I/flutter (23455): Notificación filtrada, no se guarda en Firebase: com.miui.misound
D/AlarmReceiver(13013): Volume step: 2/7 at 1666ms
I/flutter (23455): Received notification: {id: 1752186721578, packageName: com.miui.misound, appName: Audífonos, title: null, text: null, time: 1752186721578}
I/flutter (23455): Notificación filtrada, no se guarda en Firebase: com.miui.misound
I/flutter (23455): Received notification: {id: 1752186721749, packageName: com.miui.misound, appName: Audífonos, title: null, text: null, time: 1752186721749}
I/flutter (23455): Notificación filtrada, no se guarda en Firebase: com.miui.misound
I/flutter (23455): Received notification: {id: 1752186721894, packageName: com.miui.misound, appName: Audífonos, title: null, text: null, time: 1752186721894}
I/flutter (23455): Notificación filtrada, no se guarda en Firebase: com.miui.misound
I/flutter (23455): Received notification: {id: 1752186722084, packageName: com.miui.misound, appName: Audífonos, title: null, text: null, time: 1752186722084}
I/flutter (23455): Notificación filtrada, no se guarda en Firebase: com.miui.misound
D/AlarmReceiver(13013): Vibration check #2 after 2 seconds...
D/AlarmReceiver(13013): Current vibrator still active: true
D/AlarmReceiver(13013): Vibrator hasVibrator(): true
D/AlarmReceiver(13013): Vibrator hasAmplitudeControl(): true
D/AlarmReceiver(13013): System ringer mode: 2 (NORMAL=2, VIBRATE=1, SILENT=0)
D/AlarmReceiver(13013): System haptic feedback enabled: 1
I/flutter (23455): Received notification: {id: 1752186722407, packageName: com.miui.misound, appName: Audífonos, title: null, text: null, time: 1752186722407}
I/flutter (23455): Notificación filtrada, no se guarda en Firebase: com.miui.misound
I/flutter (23455): Received notification: {id: 1752186722595, packageName: com.miui.misound, appName: Audífonos, title: null, text: null, time: 1752186722595}
I/flutter (23455): Notificación filtrada, no se guarda en Firebase: com.miui.misound
I/flutter (23455): Received notification: {id: 1752186722906, packageName: com.miui.misound, appName: Audífonos, title: null, text: null, time: 1752186722906}
I/flutter (23455): Notificación filtrada, no se guarda en Firebase: com.miui.misound
I/flutter (23455): Received notification: {id: 1752186723100, packageName: com.miui.misound, appName: Audífonos, title: null, text: null, time: 1752186723100}
I/flutter (23455): Notificación filtrada, no se guarda en Firebase: com.miui.misound
D/AlarmReceiver(13013): Volume step: 3/7 at 3332ms
D/AlarmReceiver(13013): Vibration check #3 after 3 seconds...
D/AlarmReceiver(13013): Current vibrator still active: true
D/AlarmReceiver(13013): Vibrator hasVibrator(): true
D/AlarmReceiver(13013): Vibrator hasAmplitudeControl(): true
D/AlarmReceiver(13013): System ringer mode: 2 (NORMAL=2, VIBRATE=1, SILENT=0)
D/AlarmReceiver(13013): System haptic feedback enabled: 1
I/flutter (23455): Received notification: {id: 1752186723422, packageName: com.miui.misound, appName: Audífonos, title: null, text: null, time: 1752186723422}
I/flutter (23455): Notificación filtrada, no se guarda en Firebase: com.miui.misound
I/flutter (23455): Received notification: {id: 1752186723426, packageName: com.miui.misound, appName: Audífonos, title: null, text: null, time: 1752186723426}
I/flutter (23455): Notificación filtrada, no se guarda en Firebase: com.miui.misound
I/flutter (23455): Received notification: {id: 1752186723609, packageName: com.miui.misound, appName: Audífonos, title: null, text: null, time: 1752186723609}
I/flutter (23455): Notificación filtrada, no se guarda en Firebase: com.miui.misound
I/flutter (23455): Received notification: {id: 1752186723923, packageName: com.miui.misound, appName: Audífonos, title: null, text: null, time: 1752186723923}
I/flutter (23455): Notificación filtrada, no se guarda en Firebase: com.miui.misound
I/flutter (23455): Received notification: {id: 1752186724116, packageName: com.miui.misound, appName: Audífonos, title: null, text: null, time: 1752186724116}
I/flutter (23455): Notificación filtrada, no se guarda en Firebase: com.miui.misound
D/AlarmReceiver(13013): Vibration check #4 after 4 seconds...
D/AlarmReceiver(13013): Current vibrator still active: true
D/AlarmReceiver(13013): Vibrator hasVibrator(): true
D/AlarmReceiver(13013): Vibrator hasAmplitudeControl(): true
D/AlarmReceiver(13013): System ringer mode: 2 (NORMAL=2, VIBRATE=1, SILENT=0)
D/AlarmReceiver(13013): System haptic feedback enabled: 1
I/flutter (23455): Received notification: {id: 1752186724428, packageName: com.miui.misound, appName: Audífonos, title: null, text: null, time: 1752186724428}
I/flutter (23455): Notificación filtrada, no se guarda en Firebase: com.miui.misound
I/flutter (23455): Received notification: {id: 1752186724618, packageName: com.miui.misound, appName: Audífonos, title: null, text: null, time: 1752186724618}
I/flutter (23455): Notificación filtrada, no se guarda en Firebase: com.miui.misound
D/AlarmReceiver(13013): Volume step: 4/7 at 4998ms
I/flutter (23455): Received notification: {id: 1752186724936, packageName: com.miui.misound, appName: Audífonos, title: null, text: null, time: 1752186724936}
I/flutter (23455): Notificación filtrada, no se guarda en Firebase: com.miui.misound
I/flutter (23455): Received notification: {id: 1752186725086, packageName: com.miui.misound, appName: Audífonos, title: null, text: null, time: 1752186725086}
I/flutter (23455): Notificación filtrada, no se guarda en Firebase: com.miui.misound
I/flutter (23455): Received notification: {id: 1752186725130, packageName: com.miui.misound, appName: Audífonos, title: null, text: null, time: 1752186725130}
I/flutter (23455): Notificación filtrada, no se guarda en Firebase: com.miui.misound
I/flutter (13013): Can snooze: true (count: 0, max: 3)
D/MainActivity(13013): VolumeChannel call: setTemporaryVolumeReduction
D/MainActivity(13013): Setting temporary volume reduction: 10% for 15s
D/MainActivity(13013): Volume ramp-up cancelled due to temporary reduction activation
D/MainActivity(13013): Volume temporarily set to 1 (10% of max) from 3, will restore to 7
I/flutter (13013): Temporary volume reduction set: 10% for 15s
D/AlarmReceiver(13013): Vibration check #5 after 5 seconds...
D/AlarmReceiver(13013): Current vibrator still active: true
D/AlarmReceiver(13013): Vibrator hasVibrator(): true
D/AlarmReceiver(13013): Vibrator hasAmplitudeControl(): true
D/AlarmReceiver(13013): System ringer mode: 2 (NORMAL=2, VIBRATE=1, SILENT=0)
D/AlarmReceiver(13013): System haptic feedback enabled: 1
I/flutter (23455): Received notification: {id: 1752186725426, packageName: com.miui.misound, appName: Audífonos, title: null, text: null, time: 1752186725426}
I/flutter (23455): Notificación filtrada, no se guarda en Firebase: com.miui.misound
I/flutter (23455): Received notification: {id: 1752186725444, packageName: com.miui.misound, appName: Audífonos, title: null, text: null, time: 1752186725444}
I/flutter (23455): Notificación filtrada, no se guarda en Firebase: com.miui.misound
I/flutter (23455): Received notification: {id: 1752186725949, packageName: com.miui.misound, appName: Audífonos, title: null, text: null, time: 1752186725949}
I/flutter (23455): Notificación filtrada, no se guarda en Firebase: com.miui.misound
I/flutter (13013): Can snooze: true (count: 0, max: 3)
D/MainActivity(13013): VolumeChannel call: cancelTemporaryVolumeReduction
D/MainActivity(13013): Cancelling temporary volume reduction
D/MainActivity(13013): Temporary volume reduction cancelled, volume restored to 7
I/flutter (13013): Temporary volume reduction cancelled
D/AlarmReceiver(13013): Vibration check #6 after 6 seconds...
D/AlarmReceiver(13013): Current vibrator still active: true
D/AlarmReceiver(13013): Vibrator hasVibrator(): true
D/AlarmReceiver(13013): Vibrator hasAmplitudeControl(): true
D/AlarmReceiver(13013): System ringer mode: 2 (NORMAL=2, VIBRATE=1, SILENT=0)
D/AlarmReceiver(13013): System haptic feedback enabled: 1
I/flutter (23455): Received notification: {id: 1752186726384, packageName: com.miui.misound, appName: Audífonos, title: null, text: null, time: 1752186726384}
I/flutter (23455): Notificación filtrada, no se guarda en Firebase: com.miui.misound
I/flutter (23455): Received notification: {id: 1752186726459, packageName: com.miui.misound, appName: Audífonos, title: null, text: null, time: 1752186726459}
I/flutter (23455): Notificación filtrada, no se guarda en Firebase: com.miui.misound
D/AlarmReceiver(13013): Volume step: 5/7 at 6664ms
I/flutter (23455): Received notification: {id: 1752186726748, packageName: com.miui.misound, appName: Audífonos, title: null, text: null, time: 1752186726748}
I/flutter (23455): Notificación filtrada, no se guarda en Firebase: com.miui.misound
I/flutter (23455): Received notification: {id: 1752186726965, packageName: com.miui.misound, appName: Audífonos, title: null, text: null, time: 1752186726965}
I/flutter (23455): Notificación filtrada, no se guarda en Firebase: com.miui.misound
D/AlarmReceiver(13013): Vibration check #7 after 7 seconds...
D/AlarmReceiver(13013): Current vibrator still active: true
D/AlarmReceiver(13013): Vibrator hasVibrator(): true
D/AlarmReceiver(13013): Vibrator hasAmplitudeControl(): true
D/AlarmReceiver(13013): System ringer mode: 2 (NORMAL=2, VIBRATE=1, SILENT=0)
D/AlarmReceiver(13013): System haptic feedback enabled: 1
I/flutter (23455): Received notification: {id: 1752186727475, packageName: com.miui.misound, appName: Audífonos, title: null, text: null, time: 1752186727475}
I/flutter (23455): Notificación filtrada, no se guarda en Firebase: com.miui.misound
I/flutter (23455): Received notification: {id: 1752186727978, packageName: com.miui.misound, appName: Audífonos, title: null, text: null, time: 1752186727978}
I/flutter (23455): Notificación filtrada, no se guarda en Firebase: com.miui.misound
D/AlarmReceiver(13013): Volume step: 6/7 at 8330ms
D/AlarmReceiver(13013): Vibration check #8 after 8 seconds...
D/AlarmReceiver(13013): Current vibrator still active: true
D/AlarmReceiver(13013): Vibrator hasVibrator(): true
D/AlarmReceiver(13013): Vibrator hasAmplitudeControl(): true
D/AlarmReceiver(13013): System ringer mode: 2 (NORMAL=2, VIBRATE=1, SILENT=0)
D/AlarmReceiver(13013): System haptic feedback enabled: 1
I/flutter (23455): Received notification: {id: 1752186728418, packageName: com.miui.misound, appName: Audífonos, title: null, text: null, time: 1752186728418}
I/flutter (23455): Notificación filtrada, no se guarda en Firebase: com.miui.misound
I/flutter (23455): Received notification: {id: 1752186728490, packageName: com.miui.misound, appName: Audífonos, title: null, text: null, time: 1752186728490}
I/flutter (23455): Notificación filtrada, no se guarda en Firebase: com.miui.misound
I/flutter (23455): Received notification: {id: 1752186728996, packageName: com.miui.misound, appName: Audífonos, title: null, text: null, time: 1752186728996}
I/flutter (23455): Notificación filtrada, no se guarda en Firebase: com.miui.misound
D/AlarmReceiver(13013): Vibration check #9 after 9 seconds...
D/AlarmReceiver(13013): Current vibrator still active: true
D/AlarmReceiver(13013): Vibrator hasVibrator(): true
D/AlarmReceiver(13013): Vibrator hasAmplitudeControl(): true
D/AlarmReceiver(13013): System ringer mode: 2 (NORMAL=2, VIBRATE=1, SILENT=0)
D/AlarmReceiver(13013): System haptic feedback enabled: 1
I/flutter (23455): Received notification: {id: 1752186729506, packageName: com.miui.misound, appName: Audífonos, title: null, text: null, time: 1752186729506}
I/flutter (23455): Notificación filtrada, no se guarda en Firebase: com.miui.misound
D/AlarmReceiver(13013): Volume step: 7/7 at 9996ms
D/AlarmReceiver(13013): Volume escalation completed in 10s. Temporary reduction will be controlled by UI button.
I/flutter (23455): Received notification: {id: 1752186730012, packageName: com.miui.misound, appName: Audífonos, title: null, text: null, time: 1752186730012}
I/flutter (23455): Notificación filtrada, no se guarda en Firebase: com.miui.misound
I/flutter (23455): Received notification: {id: 1752186730082, packageName: com.miui.misound, appName: Audífonos, title: null, text: null, time: 1752186730082}
I/flutter (23455): Notificación filtrada, no se guarda en Firebase: com.miui.misound
D/MainActivity(13013): VolumeChannel call: setTemporaryVolumeReduction
D/MainActivity(13013): Setting temporary volume reduction: 10% for 15s
D/MainActivity(13013): Volume ramp-up cancelled due to temporary reduction activation
D/MainActivity(13013): Volume temporarily set to 1 (10% of max) from 6, will restore to 7
I/flutter (13013): Temporary volume reduction set: 10% for 15s
I/flutter (13013): Can snooze: true (count: 0, max: 3)
D/AlarmReceiver(13013): Vibration check #10 after 10 seconds...
D/AlarmReceiver(13013): Current vibrator still active: true
D/AlarmReceiver(13013): Vibrator hasVibrator(): true
D/AlarmReceiver(13013): Vibrator hasAmplitudeControl(): true
D/AlarmReceiver(13013): System ringer mode: 2 (NORMAL=2, VIBRATE=1, SILENT=0)
D/AlarmReceiver(13013): System haptic feedback enabled: 1
D/AlarmReceiver(13013): Vibration monitoring completed after 10 checks
I/flutter (23455): Received notification: {id: 1752186730519, packageName: com.miui.misound, appName: Audífonos, title: null, text: null, time: 1752186730519}
I/flutter (23455): Notificación filtrada, no se guarda en Firebase: com.miui.misound
I/flutter (23455): Received notification: {id: 1752186730543, packageName: com.miui.misound, appName: Audífonos, title: null, text: null, time: 1752186730543}
I/flutter (23455): Notificación filtrada, no se guarda en Firebase: com.miui.misound
I/flutter (23455): Received notification: {id: 1752186731024, packageName: com.miui.misound, appName: Audífonos, title: null, text: null, time: 1752186731024}
I/flutter (23455): Notificación filtrada, no se guarda en Firebase: com.miui.misound
D/MainActivity(13013): VolumeChannel call: cancelTemporaryVolumeReduction
D/MainActivity(13013): Cancelling temporary volume reduction
D/MainActivity(13013): Temporary volume reduction cancelled, volume restored to 7
I/flutter (13013): Temporary volume reduction cancelled
I/flutter (13013): Can snooze: true (count: 0, max: 3)
I/flutter (23455): Received notification: {id: 1752186731537, packageName: com.miui.misound, appName: Audífonos, title: null, text: null, time: 1752186731537}
I/flutter (23455): Notificación filtrada, no se guarda en Firebase: com.miui.misound
I/flutter (23455): Received notification: {id: 1752186731695, packageName: com.miui.misound, appName: Audífonos, title: null, text: null, time: 1752186731695}
I/flutter (23455): Notificación filtrada, no se guarda en Firebase: com.miui.misound
I/flutter (13013): Can snooze: true (count: 0, max: 3)
D/MainActivity(13013): VolumeChannel call: setTemporaryVolumeReduction
D/MainActivity(13013): Setting temporary volume reduction: 10% for 15s
D/MainActivity(13013): Volume ramp-up cancelled due to temporary reduction activation
D/MainActivity(13013): Volume temporarily set to 1 (10% of max) from 7, will restore to 7
I/flutter (13013): Temporary volume reduction set: 10% for 15s
I/flutter (23455): Received notification: {id: 1752186733239, packageName: com.miui.misound, appName: Audífonos, title: null, text: null, time: 1752186733239}
I/flutter (23455): Notificación filtrada, no se guarda en Firebase: com.miui.misound
I/flutter (13013): Can snooze: true (count: 0, max: 3)
D/MainActivity(13013): VolumeChannel call: cancelTemporaryVolumeReduction
D/MainActivity(13013): Cancelling temporary volume reduction
D/MainActivity(13013): Temporary volume reduction cancelled, volume restored to 7
I/flutter (13013): Temporary volume reduction cancelled
I/flutter (23455): Received notification: {id: 1752186734331, packageName: com.miui.misound, appName: Audífonos, title: null, text: null, time: 1752186734331}
I/flutter (23455): Notificación filtrada, no se guarda en Firebase: com.miui.misound
D/MainActivity(13013): VolumeChannel call: stopVolumeControl
D/MainActivity(13013): Stopping volume control
D/MainActivity(13013): Volume restored to original: 1
I/flutter (13013): Volume control stopped
I/flutter (23455): Received notification: {id: 1752186741276, packageName: com.miui.misound, appName: Audífonos, title: null, text: null, time: 1752186741276}
I/flutter (23455): Notificación filtrada, no se guarda en Firebase: com.miui.misound
W/WindowOnBackDispatcher(13013): sendCancelIfRunning: isInProgress=falsecallback=io.flutter.embedding.android.FlutterActivity$1@276f6e8
D/MainActivity(13013): VolumeChannel call: stopVolumeControl
D/MainActivity(13013): Stopping volume control
I/flutter (13013): Volume control stopped
I/flutter (13013): === ALARM SCREEN INIT DEBUG ===
I/flutter (13013): AlarmId: 1228
I/flutter (13013): MaxSnoozes: 3
I/flutter (13013): SnoozeDurationMinutes: 5
I/flutter (13013): SnoozeCount: 0
I/flutter (13013): Volume Config - Max: 100%, RampUp: 0s
I/flutter (13013): Volume Config - TempReduction: 50%, Duration: 30s
I/flutter (13013): Arguments received: {alarmId: 1228, title: Alarma, message: ¡Es hora de despertar!, snoozeCount: 0, maxSnoozes: 3, snoozeDurationMinutes: 5}
I/flutter (13013): === ALARM SCREEN INIT DEBUG END ===
I/flutter (13013): Can snooze: true (count: 0, max: 3)
D/MainActivity(13013): MethodChannel call: notifyAlarmRinging
D/MainActivity(13013): Alarm ringing notification received
D/MainActivity(13013): VolumeChannel call: startVolumeControl
D/MainActivity(13013): Starting volume control: maxVolume=100%, rampUp=0s
D/MainActivity(13013): Original volume saved: 1
D/MainActivity(13013): Volume control started: target=15/15
I/flutter (13013): Volume control started: 100% max, 0s ramp
I/flutter (23455): Received notification: {id: 1752186743941, packageName: com.miui.misound, appName: Audífonos, title: null, text: null, time: 1752186743941}
I/flutter (23455): Notificación filtrada, no se guarda en Firebase: com.miui.misound
I/flutter (13013): Can snooze: true (count: 0, max: 3)
D/MainActivity(13013): VolumeChannel call: setTemporaryVolumeReduction
D/MainActivity(13013): Setting temporary volume reduction: 50% for 30s
D/MainActivity(13013): Volume ramp-up cancelled due to temporary reduction activation
D/MainActivity(13013): Volume temporarily set to 7 (50% of max) from 15, will restore to 15
I/flutter (13013): Temporary volume reduction set: 50% for 30s
I/flutter (23455): Received notification: {id: 1752186745024, packageName: com.miui.misound, appName: Audífonos, title: null, text: null, time: 1752186745024}
I/flutter (23455): Notificación filtrada, no se guarda en Firebase: com.miui.misound
D/MainActivity(13013): VolumeChannel call: cancelTemporaryVolumeReduction
D/MainActivity(13013): Cancelling temporary volume reduction
D/MainActivity(13013): Temporary volume reduction cancelled, volume restored to 15
I/flutter (13013): Temporary volume reduction cancelled
I/flutter (13013): Can snooze: true (count: 0, max: 3)
I/flutter (23455): Received notification: {id: 1752186745859, packageName: com.miui.misound, appName: Audífonos, title: null, text: null, time: 1752186745859}
I/flutter (23455): Notificación filtrada, no se guarda en Firebase: com.miui.misound
D/MainActivity(13013): VolumeChannel call: setTemporaryVolumeReduction
D/MainActivity(13013): Setting temporary volume reduction: 50% for 30s
D/MainActivity(13013): Volume ramp-up cancelled due to temporary reduction activation
D/MainActivity(13013): Volume temporarily set to 7 (50% of max) from 15, will restore to 15
I/flutter (13013): Temporary volume reduction set: 50% for 30s
I/flutter (13013): Can snooze: true (count: 0, max: 3)
I/flutter (23455): Received notification: {id: 1752186746426, packageName: com.miui.misound, appName: Audífonos, title: null, text: null, time: 1752186746426}
I/flutter (23455): Notificación filtrada, no se guarda en Firebase: com.miui.misound
D/MainActivity(13013): VolumeChannel call: cancelTemporaryVolumeReduction
D/MainActivity(13013): Cancelling temporary volume reduction
D/MainActivity(13013): Temporary volume reduction cancelled, volume restored to 15
I/flutter (13013): Can snooze: true (count: 0, max: 3)
I/flutter (13013): Temporary volume reduction cancelled
I/flutter (23455): Received notification: {id: 1752186746922, packageName: com.miui.misound, appName: Audífonos, title: null, text: null, time: 1752186746922}
I/flutter (23455): Notificación filtrada, no se guarda en Firebase: com.miui.misound
D/MainActivity(13013): VolumeChannel call: stopVolumeControl
D/MainActivity(13013): Stopping volume control
D/MainActivity(13013): Volume restored to original: 1
I/flutter (13013): Volume control stopped
D/MainActivity(13013): MethodChannel call: stopAlarm
D/MainActivity(13013): Stopping alarm: 1228
D/AlarmReceiver(13013): Stopping alarm sound
V/MediaPlayer(13013): resetDrmState:  mDrmInfo=null mDrmProvisioningThread=null mPrepareDrmInProgress=false mActiveDrmScheme=false
V/MediaPlayer(13013): cleanDrmObj: mDrmObj=null mDrmSessionId=null
V/MediaPlayer(13013): resetDrmState:  mDrmInfo=null mDrmProvisioningThread=null mPrepareDrmInProgress=false mActiveDrmScheme=false
V/MediaPlayer(13013): cleanDrmObj: mDrmObj=null mDrmSessionId=null
D/AlarmReceiver(13013): Alarm sound stopped
D/AlarmReceiver(13013): Current ringtone set to null
D/AlarmReceiver(13013): Stopping vibration
D/AlarmReceiver(13013): Vibration stopped
D/AlarmReceiver(13013): Current vibrator set to null
D/MainActivity(13013): Cancelled notification with ID: 1228
D/MainActivity(13013): Cancelled notification with ID: 2228
D/MainActivity(13013): Cancelled notification with ID: 3228
D/MainActivity(13013): Cancelled notification with ID: 4228
D/MainActivity(13013): Cancelled notification with ID: 11228
D/MainActivity(13013): Cancelled notification with ID: 21228
D/MainActivity(13013): All notifications canceled for alarmId: 1228
D/MainActivity(13013): Alarm and all related notifications canceled successfully for alarmId: 1228    
I/flutter (13013): === HANDLE NATIVE CALLS START ===
I/flutter (13013): Method: alarmManuallyStopped
I/flutter (13013): Arguments: {alarmId: 1228}
I/flutter (13013): Alarm manually stopped: 1228
I/flutter (13013): === HANDLE ALARM STOPPED START ===
I/flutter (13013): Processing stopped alarm ID: 1228
I/flutter (13013): Found alarm: Alarma, isRepeating: false
I/flutter (13013): Non-repeating alarm, deactivating...
I/flutter (13013): Non-repeating alarm deactivated and saved
I/flutter (13013): === HANDLE ALARM STOPPED END ===
I/flutter (13013): === HANDLE NATIVE CALLS END ===
W/WindowOnBackDispatcher(13013): sendCancelIfRunning: isInProgress=falsecallback=io.flutter.embedding.android.FlutterActivity$1@276f6e8
I/flutter (23455): Received notification: {id: 1752186747498, packageName: com.miui.misound, appName: Audífonos, title: null, text: null, time: 1752186747498}
I/flutter (23455): Notificación filtrada, no se guarda en Firebase: com.miui.misound
D/MainActivity(13013): VolumeChannel call: stopVolumeControl
D/MainActivity(13013): Stopping volume control
I/flutter (13013): Volume control stopped
I/HandWritingStubImpl(13013): refreshLastKeyboardType: 1
I/HandWritingStubImpl(13013): getCurrentKeyboardType: 1
I/Choreographer(13013): Skipped 36 frames!  The application may be doing too much work on its main thread.